RUN football started 2026-09-30T18:47:27.395913+00:00
loaded 18085 matches, seasons 2014-15..2023-24, 202 teams, draw rate 0.252
train_v=12681 valid=1826 train_t=14507 test=1826
FIT_AUDIT {"w2": 30.0, "games": 12681, "players": 179, "iterations": 100, "converged": true, "options": {"time_limit": 90, "precision": 0.003}, "elapsed_seconds": 55.87955108299502, "gradient": 0.0005709915938827415, "log_posterior": 42467.04438569472, "nu": 0.7899686735240568}
    fit: 12681 games, grad_norm=5.71e-04, iters~(100, True), nu=0.7900
  w2=  30.0: valid 3-way log-loss = 1.0085
FIT_AUDIT {"w2": 100.0, "games": 12681, "players": 179, "iterations": 100, "converged": true, "options": {"time_limit": 90, "precision": 0.003}, "elapsed_seconds": 56.84210987499682, "gradient": 0.0011478389319616866, "log_posterior": 29063.225580951377, "nu": 0.7968260294216002}
    fit: 12681 games, grad_norm=1.15e-03, iters~(100, True), nu=0.7968
  w2= 100.0: valid 3-way log-loss = 1.0103
FIT_AUDIT {"w2": 300.0, "games": 12681, "players": 179, "iterations": 100, "converged": true, "options": {"time_limit": 90, "precision": 0.003}, "elapsed_seconds": 58.07709587500722, "gradient": 0.0015842537290717829, "log_posterior": 16879.130042950306, "nu": 0.8067744436082676}
    fit: 12681 games, grad_norm=1.58e-03, iters~(100, True), nu=0.8068
  w2= 300.0: valid 3-way log-loss = 1.0148
FIT_AUDIT {"w2": 1000.0, "games": 12681, "players": 179, "iterations": 100, "converged": true, "options": {"time_limit": 90, "precision": 0.003}, "elapsed_seconds": 60.71326216700254, "gradient": 0.0013099715738122963, "log_posterior": 3608.0701785613146, "nu": 0.8229520801180047}
    fit: 12681 games, grad_norm=1.31e-03, iters~(100, True), nu=0.8230
  w2=1000.0: valid 3-way log-loss = 1.0245
selected w2=30.0 (valid 3-way log-loss 1.0085)
FIT_AUDIT {"w2": 30.0, "games": 14507, "players": 188, "iterations": 100, "converged": true, "options": {"time_limit": 150, "precision": 0.003}, "elapsed_seconds": 66.94776291699964, "gradient": 0.0009935302326384843, "log_posterior": 48620.04084241274, "nu": 0.7929445798489151}
    fit: 14507 games, grad_norm=9.94e-04, iters~(100, True), nu=0.7929
FIT_AUDIT {"w2": 30.0, "games": 10863, "players": 188, "iterations": 100, "converged": true, "options": {"time_limit": 150, "precision": 0.003}, "elapsed_seconds": 6.706644124991726, "gradient": 0.0009650167871837478, "log_posterior": 40351.466432597495, "nu": 0.0}
    fit: 10863 games, grad_norm=9.65e-04, iters~(100, True)
TEST SEASON 2022-23:  (nu=0.7929, home=79.4 elo)
  base_rate            3way-log-loss=1.0630 acc=0.4573
  whr_bt_constdraw     3way-log-loss=1.0132 acc=0.5164
  whr_davidson         3way-log-loss=1.0088 acc=0.5142
wrote results/football_results.json
RUN football completed in 310.3s
